---
source: src/parser.rs
expression: "parse_expression(&mut tokens, Token::Eof)"
---
Ok(
    Call(
        "run_thing?",
        Plus(
            Plus(
                Plus(
                    Plus(
                        Regex(
                            "v",
                        ),
                        Regex(
                            "$#@!@",
                        ),
                    ),
                    Regex(
                        "#$@$@#$@#$@#$",
                    ),
                ),
                Variable(
                    "other",
                ),
            ),
            Variable(
                "another",
            ),
        ),
    ),
)
